---
source: crates/pgls_treesitter_grammar/tests/grammar_tests.rs
expression: writer
---
update auth.users set auth.users.email = 'my@mail.com';
-----------------------
program [0..55] 'update auth.users set auth.users.email = 'my@mail.com';'
  statement [0..54] 'update auth.users set auth.users.email = 'my@mail.com''
    update [0..54] 'update auth.users set auth.users.email = 'my@mail.com''
      keyword_update [0..6] 'update'
      relation [7..17] 'auth.users'
        table_reference [7..17] 'auth.users'
          schema_identifier [7..11] 'auth'
          . [11..12] '.'
          table_identifier [12..17] 'users'
      keyword_set [18..21] 'set'
      assignment [22..54] 'auth.users.email = 'my@mail.com''
        column_reference [22..38] 'auth.users.email'
          schema_identifier [22..26] 'auth'
          . [26..27] '.'
          table_identifier [27..32] 'users'
          . [32..33] '.'
          column_identifier [33..38] 'email'
        = [39..40] '='
        literal [41..54] ''my@mail.com''
  ; [54..55] ';'
