---
source: crates/pgls_analyser/tests/postgres_regress.rs
expression: "report(&version, analysed, &rejected, &artefacts)"
---
REL_16_15: 41464 statements, 1697 findings on statements Postgres rejected

ambiguousColumn 42702: 6
functionArgumentMismatch 42725: 5
functionArgumentMismatch 42883: 4
functionReturnTypeMismatch 42P13: 5
insertColumnMismatch 42601: 6
invalidCast 42846: 2
missingFromClauseEntry 42P01: 13
operatorTypeMismatch 42725: 1
operatorTypeMismatch 42883: 9
unknownColumn 42703: 38
unknownColumn 42P01: 3
unknownFunction 42704: 4
unknownFunction 42883: 98
unknownFunction 42P01: 22
unknownRelation 0A000: 2
unknownRelation 25006: 2
unknownRelation 42501: 1
unknownRelation 42P01: 1386
unknownType 42704: 88
unknownType 42P01: 2

Known artefacts
transactions.sql:108:1
  `DROP TABLE writetest` fails in a read-only session, so the table still exists
transactions.sql:110:1
  `DROP TABLE writetest` fails in a read-only session, so the table still exists

Findings
aggregates.sql:23:1 42P01 unknownRelation
aggregates.sql:37:1 42P01 unknownRelation
aggregates.sql:40:1 42P01 unknownRelation
aggregates.sql:43:1 42P01 unknownRelation
aggregates.sql:45:1 42P01 unknownRelation
aggregates.sql:48:1 42P01 unknownRelation
aggregates.sql:162:1 42P01 unknownRelation
aggregates.sql:163:1 42P01 unknownRelation
aggregates.sql:165:1 42P01 unknownRelation
aggregates.sql:168:1 42P01 unknownRelation
aggregates.sql:172:1 42P01 unknownFunction
aggregates.sql:172:1 42P01 unknownRelation
aggregates.sql:173:1 42P01 unknownFunction
aggregates.sql:173:1 42P01 unknownRelation
aggregates.sql:174:1 42P01 unknownFunction
aggregates.sql:174:1 42P01 unknownRelation
aggregates.sql:175:1 42P01 unknownFunction
aggregates.sql:175:1 42P01 unknownRelation
aggregates.sql:176:1 42P01 unknownFunction
aggregates.sql:176:1 42P01 unknownRelation
aggregates.sql:177:1 42P01 unknownFunction
aggregates.sql:177:1 42P01 unknownRelation
aggregates.sql:182:1 42P01 unknownRelation
aggregates.sql:182:1 42P01 unknownRelation
aggregates.sql:187:1 42P01 unknownRelation
aggregates.sql:187:1 42P01 unknownRelation
aggregates.sql:194:1 42P01 unknownRelation
aggregates.sql:194:1 42P01 unknownRelation
aggregates.sql:352:1 42P01 unknownRelation
aggregates.sql:354:1 42P01 unknownRelation
aggregates.sql:355:1 42P01 unknownRelation
aggregates.sql:357:1 42P01 unknownRelation
aggregates.sql:358:1 42P01 unknownRelation
aggregates.sql:360:1 42P01 unknownRelation
aggregates.sql:361:1 42P01 unknownRelation
aggregates.sql:363:1 42P01 unknownRelation
aggregates.sql:371:1 42P01 unknownRelation
aggregates.sql:373:1 42P01 unknownRelation
aggregates.sql:377:1 42P01 unknownRelation
aggregates.sql:379:1 42P01 unknownRelation
aggregates.sql:380:1 42P01 unknownRelation
aggregates.sql:382:1 42P01 unknownRelation
aggregates.sql:385:1 42P01 unknownRelation
aggregates.sql:385:1 42P01 unknownRelation
aggregates.sql:388:1 42P01 unknownRelation
aggregates.sql:388:1 42P01 unknownRelation
aggregates.sql:392:1 42P01 unknownRelation
aggregates.sql:394:1 42P01 unknownRelation
aggregates.sql:395:1 42P01 unknownRelation
aggregates.sql:397:1 42P01 unknownRelation
aggregates.sql:398:1 42P01 unknownRelation
aggregates.sql:400:1 42P01 unknownRelation
aggregates.sql:401:1 42P01 unknownRelation
aggregates.sql:403:1 42P01 unknownRelation
aggregates.sql:404:1 42P01 unknownRelation
aggregates.sql:406:1 42P01 unknownRelation
aggregates.sql:409:1 42P01 unknownRelation
aggregates.sql:411:1 42P01 unknownRelation
aggregates.sql:442:1 42P01 unknownRelation
aggregates.sql:442:1 42P01 unknownRelation
aggregates.sql:445:1 42P01 unknownRelation
aggregates.sql:445:1 42P01 unknownRelation
aggregates.sql:450:1 42P01 unknownRelation
aggregates.sql:451:1 42P01 unknownRelation
aggregates.sql:451:1 42P01 unknownRelation
aggregates.sql:452:1 42P01 unknownRelation
aggregates.sql:452:1 42P01 unknownRelation
aggregates.sql:452:1 42P01 unknownRelation
aggregates.sql:539:1 42P01 unknownRelation
aggregates.sql:545:1 42P01 unknownRelation
aggregates.sql:552:1 42P01 unknownRelation
aggregates.sql:560:1 42P01 unknownRelation
aggregates.sql:570:1 42P01 unknownRelation
aggregates.sql:580:1 42P01 unknownRelation
aggregates.sql:594:1 42P01 unknownRelation
aggregates.sql:603:1 42P01 unknownRelation
aggregates.sql:607:1 42P01 unknownRelation
aggregates.sql:613:1 42P01 unknownRelation
aggregates.sql:641:1 42883 unknownFunction
aggregates.sql:643:1 42883 unknownFunction
aggregates.sql:646:1 42883 unknownFunction
aggregates.sql:649:1 42883 unknownFunction
aggregates.sql:653:1 42883 unknownFunction
aggregates.sql:656:1 42883 unknownFunction
aggregates.sql:662:1 42883 unknownFunction
aggregates.sql:665:1 42883 unknownFunction
aggregates.sql:668:1 42883 unknownFunction
aggregates.sql:671:1 42883 unknownFunction
aggregates.sql:686:1 42883 unknownFunction
aggregates.sql:693:1 42883 unknownFunction
aggregates.sql:701:1 42883 unknownFunction
aggregates.sql:709:1 42883 unknownFunction
aggregates.sql:716:1 42883 unknownFunction
aggregates.sql:723:1 42883 unknownFunction
aggregates.sql:730:1 42883 unknownFunction
aggregates.sql:742:1 42883 unknownFunction
aggregates.sql:744:1 42883 unknownFunction
aggregates.sql:746:1 42883 unknownFunction
aggregates.sql:748:1 42883 unknownFunction
aggregates.sql:758:1 42P01 unknownRelation
aggregates.sql:759:1 42P01 unknownRelation
aggregates.sql:760:1 42P01 unknownRelation
aggregates.sql:761:1 42P01 unknownRelation
aggregates.sql:850:1 42P01 unknownRelation
aggregates.sql:852:1 42P01 unknownRelation
aggregates.sql:854:1 42P01 unknownRelation
aggregates.sql:857:1 42P01 unknownRelation
aggregates.sql:857:1 42P01 unknownRelation
aggregates.sql:876:1 42P01 unknownRelation
aggregates.sql:876:1 42P01 unknownRelation
aggregates.sql:882:1 42P01 unknownRelation
aggregates.sql:882:1 42P01 unknownRelation
aggregates.sql:886:1 42883 unknownFunction
aggregates.sql:895:1 42P01 unknownRelation
aggregates.sql:896:1 42P01 unknownRelation
aggregates.sql:896:1 42P01 unknownRelation
aggregates.sql:897:1 42P01 unknownRelation
aggregates.sql:898:1 42P01 unknownRelation
aggregates.sql:898:1 42P01 unknownRelation
aggregates.sql:925:1 42P01 unknownRelation
aggregates.sql:926:1 42P01 unknownRelation
aggregates.sql:936:1 42P01 unknownRelation
aggregates.sql:938:1 42P01 unknownRelation
aggregates.sql:940:1 42P01 unknownRelation
aggregates.sql:945:1 42P01 unknownRelation
aggregates.sql:955:1 42883 unknownFunction
aggregates.sql:957:1 42P01 unknownFunction
aggregates.sql:957:1 42P01 unknownRelation
aggregates.sql:972:1 42P01 unknownRelation
aggregates.sql:984:1 42P01 unknownRelation
aggregates.sql:997:1 42P01 unknownFunction
aggregates.sql:997:1 42P01 unknownRelation
aggregates.sql:998:1 42P01 unknownFunction
aggregates.sql:998:1 42P01 unknownRelation
aggregates.sql:1000:1 42P01 unknownFunction
aggregates.sql:1000:1 42P01 unknownRelation
aggregates.sql:1001:1 42P01 unknownFunction
aggregates.sql:1001:1 42P01 unknownRelation
aggregates.sql:1002:1 42P01 unknownFunction
aggregates.sql:1002:1 42P01 unknownRelation
aggregates.sql:1003:1 42P01 unknownFunction
aggregates.sql:1003:1 42P01 unknownRelation
aggregates.sql:1214:1 42P01 unknownRelation
aggregates.sql:1248:1 42P01 unknownRelation
aggregates.sql:1249:1 42P01 unknownRelation
aggregates.sql:1305:1 42P01 unknownRelation
aggregates.sql:1305:1 42P01 unknownRelation
aggregates.sql:1305:1 42P01 unknownRelation
aggregates.sql:1305:1 42P01 unknownRelation
aggregates.sql:1312:1 42P01 unknownRelation
aggregates.sql:1312:1 42P01 unknownRelation
aggregates.sql:1312:1 42P01 unknownRelation
aggregates.sql:1312:1 42P01 unknownRelation
aggregates.sql:1320:1 42P01 unknownRelation
aggregates.sql:1320:1 42P01 unknownRelation
aggregates.sql:1320:1 42P01 unknownRelation
aggregates.sql:1320:1 42P01 unknownRelation
aggregates.sql:1327:1 42P01 unknownRelation
aggregates.sql:1327:1 42P01 unknownRelation
aggregates.sql:1327:1 42P01 unknownRelation
aggregates.sql:1327:1 42P01 unknownRelation
aggregates.sql:1357:1 42P01 unknownRelation
aggregates.sql:1357:1 42P01 unknownRelation
aggregates.sql:1369:1 42P01 unknownRelation
alter_table.sql:986:1 42703 unknownColumn
alter_table.sql:987:1 42703 unknownColumn
alter_table.sql:988:1 42703 unknownColumn
alter_table.sql:989:1 42703 unknownColumn
alter_table.sql:991:1 42703 unknownColumn
alter_table.sql:994:1 42703 unknownColumn
alter_table.sql:995:1 42703 unknownColumn
alter_table.sql:996:1 42703 unknownColumn
alter_table.sql:998:1 42703 unknownColumn
alter_table.sql:999:1 42703 unknownColumn
alter_table.sql:1002:1 42703 unknownColumn
alter_table.sql:1003:1 42703 unknownColumn
alter_table.sql:1004:1 42703 unknownColumn
alter_table.sql:1005:1 42703 unknownColumn
alter_table.sql:1008:1 42601 insertColumnMismatch
alter_table.sql:1009:1 42601 insertColumnMismatch
alter_table.sql:1011:1 42703 unknownColumn
alter_table.sql:1012:1 42703 unknownColumn
alter_table.sql:1013:1 42703 unknownColumn
alter_table.sql:1014:1 42703 unknownColumn
alter_table.sql:1016:1 42703 unknownColumn
alter_table.sql:1017:1 42703 unknownColumn
alter_table.sql:1018:1 42703 unknownColumn
alter_table.sql:1019:1 42703 unknownColumn
alter_table.sql:1022:1 42703 unknownColumn
alter_table.sql:1023:1 42703 unknownColumn
arrays.sql:176:1 42P01 unknownRelation
brin.sql:31:1 42P01 unknownRelation
brin.sql:62:1 42P01 unknownRelation
brin_bloom.sql:26:1 42P01 unknownRelation
brin_bloom.sql:52:1 42P01 unknownRelation
brin_multi.sql:24:1 42P01 unknownFunction
brin_multi.sql:24:1 42P01 unknownRelation
brin_multi.sql:48:1 42P01 unknownRelation
char.sql:71:1 42P01 unknownRelation
char.sql:73:1 42P01 unknownRelation
cluster.sql:253:1 42P01 unknownRelation
compression.sql:138:1 42883 unknownFunction
create_am.sql:49:1 42P01 unknownRelation
create_am.sql:53:1 42P01 unknownRelation
create_am.sql:57:1 42P01 unknownRelation
create_am.sql:59:1 42P01 unknownRelation
create_am.sql:61:1 42P01 unknownRelation
create_am.sql:63:1 42P01 unknownRelation
create_cast.sql:28:1 42883 functionArgumentMismatch
create_function_sql.sql:409:1 42P13 functionReturnTypeMismatch
create_index_spgist.sql:5:1 42P01 unknownRelation
create_index_spgist.sql:19:1 42P01 unknownRelation
create_table.sql:53:1 42P01 unknownRelation
create_table.sql:54:1 42P01 unknownRelation
delete.sql:16:1 42P01 missingFromClauseEntry
encoding.sql:257:1 42703 unknownColumn
equivclass.sql:259:1 42P01 unknownRelation
equivclass.sql:263:1 42P01 unknownRelation
errors.sql:23:1 42P01 unknownRelation
errors.sql:26:1 42703 unknownColumn
errors.sql:32:1 42703 unknownColumn
errors.sql:35:1 42703 unknownColumn
errors.sql:38:1 42703 unknownColumn
errors.sql:52:1 42P01 unknownRelation
expressions.sql:95:1 42883 operatorTypeMismatch
expressions.sql:95:1 42883 operatorTypeMismatch
float8.sql:261:1 42P01 unknownRelation
geometry.sql:13:1 42P01 unknownRelation
geometry.sql:16:1 42P01 unknownRelation
geometry.sql:19:1 42P01 unknownRelation
geometry.sql:22:1 42P01 unknownRelation
geometry.sql:25:1 42P01 unknownRelation
geometry.sql:30:1 42P01 unknownRelation
geometry.sql:35:1 42P01 unknownRelation
geometry.sql:40:1 42P01 unknownRelation
geometry.sql:45:1 42P01 unknownRelation
geometry.sql:50:1 42P01 unknownRelation
geometry.sql:50:1 42P01 unknownRelation
geometry.sql:53:1 42P01 unknownRelation
geometry.sql:53:1 42P01 unknownRelation
geometry.sql:56:1 42P01 unknownRelation
geometry.sql:56:1 42P01 unknownRelation
geometry.sql:59:1 42P01 unknownRelation
geometry.sql:59:1 42P01 unknownRelation
geometry.sql:62:1 42P01 unknownRelation
geometry.sql:62:1 42P01 unknownRelation
geometry.sql:65:1 42P01 unknownRelation
geometry.sql:65:1 42P01 unknownRelation
geometry.sql:68:1 42P01 unknownRelation
geometry.sql:68:1 42P01 unknownRelation
geometry.sql:71:1 42P01 unknownRelation
geometry.sql:71:1 42P01 unknownRelation
geometry.sql:74:1 42P01 unknownRelation
geometry.sql:74:1 42P01 unknownRelation
geometry.sql:77:1 42P01 unknownRelation
geometry.sql:77:1 42P01 unknownRelation
geometry.sql:80:1 42P01 unknownRelation
geometry.sql:80:1 42P01 unknownRelation
geometry.sql:83:1 42P01 unknownRelation
geometry.sql:83:1 42P01 unknownRelation
geometry.sql:86:1 42P01 unknownRelation
geometry.sql:86:1 42P01 unknownRelation
geometry.sql:89:1 42P01 unknownRelation
geometry.sql:89:1 42P01 unknownRelation
geometry.sql:93:1 42P01 unknownRelation
geometry.sql:93:1 42P01 unknownRelation
geometry.sql:96:1 42P01 unknownRelation
geometry.sql:96:1 42P01 unknownRelation
geometry.sql:99:1 42P01 unknownRelation
geometry.sql:99:1 42P01 unknownRelation
geometry.sql:102:1 42P01 unknownRelation
geometry.sql:102:1 42P01 unknownRelation
geometry.sql:105:1 42P01 unknownRelation
geometry.sql:105:1 42P01 unknownRelation
geometry.sql:108:1 42P01 unknownRelation
geometry.sql:108:1 42P01 unknownRelation
geometry.sql:115:1 42P01 unknownRelation
geometry.sql:118:1 42P01 unknownRelation
geometry.sql:121:1 42P01 unknownRelation
geometry.sql:121:1 42P01 unknownRelation
geometry.sql:124:1 42P01 unknownRelation
geometry.sql:124:1 42P01 unknownRelation
geometry.sql:127:1 42P01 unknownRelation
geometry.sql:127:1 42P01 unknownRelation
geometry.sql:130:1 42P01 unknownRelation
geometry.sql:130:1 42P01 unknownRelation
geometry.sql:133:1 42P01 unknownRelation
geometry.sql:133:1 42P01 unknownRelation
geometry.sql:136:1 42P01 unknownRelation
geometry.sql:136:1 42P01 unknownRelation
geometry.sql:139:1 42P01 unknownRelation
geometry.sql:139:1 42P01 unknownRelation
geometry.sql:142:1 42P01 unknownRelation
geometry.sql:142:1 42P01 unknownRelation
geometry.sql:149:1 42P01 unknownRelation
geometry.sql:149:1 42P01 unknownRelation
geometry.sql:153:1 42P01 unknownRelation
geometry.sql:156:1 42P01 unknownRelation
geometry.sql:159:1 42P01 unknownRelation
geometry.sql:162:1 42P01 unknownRelation
geometry.sql:165:1 42P01 unknownRelation
geometry.sql:168:1 42P01 unknownRelation
geometry.sql:168:1 42P01 unknownRelation
geometry.sql:171:1 42P01 unknownRelation
geometry.sql:171:1 42P01 unknownRelation
geometry.sql:174:1 42P01 unknownRelation
geometry.sql:174:1 42P01 unknownRelation
geometry.sql:177:1 42P01 unknownRelation
geometry.sql:177:1 42P01 unknownRelation
geometry.sql:180:1 42P01 unknownRelation
geometry.sql:180:1 42P01 unknownRelation
geometry.sql:183:1 42P01 unknownRelation
geometry.sql:183:1 42P01 unknownRelation
geometry.sql:186:1 42P01 unknownRelation
geometry.sql:186:1 42P01 unknownRelation
geometry.sql:189:1 42P01 unknownRelation
geometry.sql:189:1 42P01 unknownRelation
geometry.sql:192:1 42P01 unknownRelation
geometry.sql:192:1 42P01 unknownRelation
geometry.sql:195:1 42P01 unknownRelation
geometry.sql:195:1 42P01 unknownRelation
geometry.sql:198:1 42P01 unknownRelation
geometry.sql:198:1 42P01 unknownRelation
geometry.sql:201:1 42P01 unknownRelation
geometry.sql:201:1 42P01 unknownRelation
geometry.sql:204:1 42P01 unknownRelation
geometry.sql:204:1 42P01 unknownRelation
geometry.sql:207:1 42P01 unknownRelation
geometry.sql:207:1 42P01 unknownRelation
geometry.sql:210:1 42P01 unknownRelation
geometry.sql:210:1 42P01 unknownRelation
geometry.sql:213:1 42P01 unknownRelation
geometry.sql:213:1 42P01 unknownRelation
geometry.sql:216:1 42P01 unknownRelation
geometry.sql:216:1 42P01 unknownRelation
geometry.sql:219:1 42P01 unknownRelation
geometry.sql:219:1 42P01 unknownRelation
geometry.sql:225:1 42P01 unknownRelation
geometry.sql:228:1 42P01 unknownRelation
geometry.sql:228:1 42P01 unknownRelation
geometry.sql:231:1 42P01 unknownRelation
geometry.sql:231:1 42P01 unknownRelation
geometry.sql:235:1 42P01 unknownRelation
geometry.sql:235:1 42P01 unknownRelation
geometry.sql:238:1 42P01 unknownRelation
geometry.sql:238:1 42P01 unknownRelation
geometry.sql:241:1 42P01 unknownRelation
geometry.sql:241:1 42P01 unknownRelation
geometry.sql:244:1 42P01 unknownRelation
geometry.sql:247:1 42P01 unknownRelation
geometry.sql:247:1 42P01 unknownRelation
geometry.sql:251:1 42P01 unknownRelation
geometry.sql:251:1 42P01 unknownRelation
geometry.sql:254:1 42P01 unknownRelation
geometry.sql:254:1 42P01 unknownRelation
geometry.sql:257:1 42P01 unknownRelation
geometry.sql:257:1 42P01 unknownRelation
geometry.sql:260:1 42P01 unknownRelation
geometry.sql:263:1 42P01 unknownRelation
geometry.sql:263:1 42P01 unknownRelation
geometry.sql:270:1 42P01 unknownRelation
geometry.sql:273:1 42P01 unknownRelation
geometry.sql:276:1 42P01 unknownRelation
geometry.sql:279:1 42P01 unknownRelation
geometry.sql:282:1 42P01 unknownRelation
geometry.sql:285:1 42P01 unknownRelation
geometry.sql:285:1 42P01 unknownRelation
geometry.sql:288:1 42P01 unknownRelation
geometry.sql:288:1 42P01 unknownRelation
geometry.sql:291:1 42P01 unknownRelation
geometry.sql:291:1 42P01 unknownRelation
geometry.sql:294:1 42P01 unknownRelation
geometry.sql:294:1 42P01 unknownRelation
geometry.sql:297:1 42P01 unknownRelation
geometry.sql:297:1 42P01 unknownRelation
geometry.sql:300:1 42P01 unknownRelation
geometry.sql:300:1 42P01 unknownRelation
geometry.sql:303:1 42P01 unknownRelation
geometry.sql:303:1 42P01 unknownRelation
geometry.sql:306:1 42P01 unknownRelation
geometry.sql:306:1 42P01 unknownRelation
geometry.sql:309:1 42P01 unknownRelation
geometry.sql:309:1 42P01 unknownRelation
geometry.sql:312:1 42P01 unknownRelation
geometry.sql:312:1 42P01 unknownRelation
geometry.sql:315:1 42P01 unknownRelation
geometry.sql:315:1 42P01 unknownRelation
geometry.sql:318:1 42P01 unknownRelation
geometry.sql:318:1 42P01 unknownRelation
geometry.sql:325:1 42P01 unknownRelation
geometry.sql:325:1 42P01 unknownRelation
geometry.sql:328:1 42P01 unknownRelation
geometry.sql:328:1 42P01 unknownRelation
geometry.sql:331:1 42P01 unknownRelation
geometry.sql:334:1 42P01 unknownRelation
geometry.sql:337:1 42P01 unknownRelation
geometry.sql:340:1 42P01 unknownRelation
geometry.sql:345:1 42P01 unknownRelation
geometry.sql:348:1 42P01 unknownRelation
geometry.sql:351:1 42P01 unknownRelation
geometry.sql:351:1 42P01 unknownRelation
geometry.sql:354:1 42P01 unknownRelation
geometry.sql:354:1 42P01 unknownRelation
geometry.sql:357:1 42P01 unknownRelation
geometry.sql:357:1 42P01 unknownRelation
geometry.sql:360:1 42P01 unknownRelation
geometry.sql:360:1 42P01 unknownRelation
geometry.sql:363:1 42P01 unknownRelation
geometry.sql:363:1 42P01 unknownRelation
geometry.sql:366:1 42P01 unknownRelation
geometry.sql:366:1 42P01 unknownRelation
geometry.sql:369:1 42P01 unknownRelation
geometry.sql:369:1 42P01 unknownRelation
geometry.sql:372:1 42P01 unknownRelation
geometry.sql:372:1 42P01 unknownRelation
geometry.sql:375:1 42P01 unknownRelation
geometry.sql:375:1 42P01 unknownRelation
geometry.sql:378:1 42P01 unknownRelation
geometry.sql:378:1 42P01 unknownRelation
geometry.sql:381:1 42P01 unknownRelation
geometry.sql:381:1 42P01 unknownRelation
geometry.sql:384:1 42P01 unknownRelation
geometry.sql:384:1 42P01 unknownRelation
geometry.sql:387:1 42P01 unknownRelation
geometry.sql:387:1 42P01 unknownRelation
geometry.sql:393:1 42P01 unknownRelation
geometry.sql:396:1 42P01 unknownRelation
geometry.sql:399:1 42P01 unknownRelation
geometry.sql:403:1 42P01 unknownRelation
geometry.sql:403:1 42P01 unknownRelation
geometry.sql:409:1 42P01 unknownRelation
geometry.sql:412:1 42P01 unknownRelation
geometry.sql:415:1 42P01 unknownRelation
geometry.sql:418:1 42P01 unknownRelation
geometry.sql:421:1 42P01 unknownRelation
geometry.sql:421:1 42P01 unknownRelation
geometry.sql:424:1 42P01 unknownRelation
geometry.sql:424:1 42P01 unknownRelation
geometry.sql:427:1 42P01 unknownRelation
geometry.sql:427:1 42P01 unknownRelation
geometry.sql:430:1 42P01 unknownRelation
geometry.sql:430:1 42P01 unknownRelation
geometry.sql:433:1 42P01 unknownRelation
geometry.sql:433:1 42P01 unknownRelation
geometry.sql:436:1 42P01 unknownRelation
geometry.sql:436:1 42P01 unknownRelation
geometry.sql:439:1 42P01 unknownRelation
geometry.sql:439:1 42P01 unknownRelation
geometry.sql:442:1 42P01 unknownRelation
geometry.sql:442:1 42P01 unknownRelation
geometry.sql:445:1 42P01 unknownRelation
geometry.sql:445:1 42P01 unknownRelation
geometry.sql:448:1 42P01 unknownRelation
geometry.sql:448:1 42P01 unknownRelation
geometry.sql:451:1 42P01 unknownRelation
geometry.sql:451:1 42P01 unknownRelation
geometry.sql:454:1 42P01 unknownRelation
geometry.sql:454:1 42P01 unknownRelation
geometry.sql:457:1 42P01 unknownRelation
geometry.sql:457:1 42P01 unknownRelation
geometry.sql:460:1 42P01 unknownRelation
geometry.sql:460:1 42P01 unknownRelation
geometry.sql:463:1 42P01 unknownRelation
geometry.sql:463:1 42P01 unknownRelation
geometry.sql:466:1 42P01 unknownRelation
geometry.sql:466:1 42P01 unknownRelation
geometry.sql:469:1 42P01 unknownRelation
geometry.sql:469:1 42P01 unknownRelation
geometry.sql:472:1 42P01 unknownRelation
geometry.sql:472:1 42P01 unknownRelation
geometry.sql:475:1 42P01 unknownRelation
geometry.sql:475:1 42P01 unknownRelation
geometry.sql:478:1 42P01 unknownRelation
geometry.sql:478:1 42P01 unknownRelation
geometry.sql:481:1 42P01 unknownRelation
geometry.sql:481:1 42P01 unknownRelation
geometry.sql:484:1 42P01 unknownRelation
geometry.sql:484:1 42P01 unknownRelation
geometry.sql:487:1 42P01 unknownRelation
geometry.sql:487:1 42P01 unknownRelation
geometry.sql:490:1 42P01 unknownRelation
geometry.sql:490:1 42P01 unknownRelation
geometry.sql:493:1 42P01 unknownRelation
geometry.sql:493:1 42P01 unknownRelation
geometry.sql:496:1 42P01 unknownRelation
geometry.sql:496:1 42P01 unknownRelation
geometry.sql:499:1 42P01 unknownRelation
geometry.sql:499:1 42P01 unknownRelation
geometry.sql:505:1 42P01 unknownRelation
geometry.sql:508:1 42P01 unknownRelation
geometry.sql:511:1 42P01 unknownRelation
geometry.sql:518:1 42P01 unknownRelation
geometry.sql:521:1 42P01 unknownRelation
geometry.sql:524:1 42P01 unknownRelation
groupingsets.sql:156:1 42P01 unknownRelation
groupingsets.sql:161:1 42P01 unknownRelation
groupingsets.sql:170:1 42P01 unknownRelation
groupingsets.sql:176:1 42P01 unknownRelation
groupingsets.sql:184:1 42P01 unknownRelation
groupingsets.sql:192:1 42P01 unknownRelation
groupingsets.sql:198:1 42P01 unknownRelation
groupingsets.sql:203:1 42P01 unknownRelation
groupingsets.sql:209:1 42P01 unknownRelation
groupingsets.sql:225:1 42P01 unknownRelation
groupingsets.sql:266:1 42P01 unknownRelation
groupingsets.sql:266:1 42P01 unknownRelation
groupingsets.sql:283:1 42P01 unknownRelation
groupingsets.sql:286:1 42P01 unknownRelation
groupingsets.sql:289:1 42P01 unknownRelation
groupingsets.sql:292:1 42P01 unknownRelation
groupingsets.sql:295:1 42P01 unknownRelation
groupingsets.sql:300:1 42P01 unknownRelation
groupingsets.sql:304:1 42P01 unknownRelation
groupingsets.sql:305:1 42P01 unknownRelation
groupingsets.sql:308:1 42P01 unknownRelation
groupingsets.sql:309:1 42P01 unknownRelation
groupingsets.sql:439:1 42P01 unknownRelation
groupingsets.sql:440:1 42P01 unknownRelation
groupingsets.sql:444:1 42P01 unknownRelation
groupingsets.sql:445:1 42P01 unknownRelation
groupingsets.sql:452:1 42P01 unknownRelation
groupingsets.sql:458:1 42P01 unknownRelation
groupingsets.sql:466:1 42P01 unknownRelation
horology.sql:139:1 42883 operatorTypeMismatch
horology.sql:178:1 42P01 unknownRelation
horology.sql:179:1 42P01 unknownRelation
horology.sql:209:1 42P01 unknownRelation
horology.sql:210:1 42P01 unknownRelation
horology.sql:222:1 42846 invalidCast
horology.sql:223:1 42846 invalidCast
horology.sql:239:1 42P01 unknownRelation
horology.sql:239:1 42P01 unknownRelation
horology.sql:245:1 42P01 unknownRelation
horology.sql:245:1 42P01 unknownRelation
horology.sql:249:1 42P01 unknownRelation
horology.sql:249:1 42P01 unknownRelation
horology.sql:312:1 42P01 unknownRelation
horology.sql:321:1 42P01 unknownRelation
horology.sql:325:1 42P01 unknownRelation
horology.sql:380:1 42P01 unknownRelation
horology.sql:383:1 42P01 unknownRelation
horology.sql:386:1 42P01 unknownRelation
horology.sql:389:1 42P01 unknownRelation
horology.sql:392:1 42P01 unknownRelation
horology.sql:395:1 42P01 unknownRelation
horology.sql:398:1 42P01 unknownRelation
horology.sql:401:1 42P01 unknownRelation
horology.sql:412:1 42P01 unknownRelation
horology.sql:416:1 42P01 unknownRelation
horology.sql:422:1 42P01 unknownRelation
horology.sql:428:1 42P01 unknownRelation
horology.sql:430:1 42P01 unknownRelation
horology.sql:432:1 42P01 unknownRelation
horology.sql:438:1 42P01 unknownRelation
horology.sql:444:1 42P01 unknownRelation
identity.sql:158:1 42P01 unknownRelation
incremental_sort.sql:3:1 42P01 unknownRelation
incremental_sort.sql:10:1 42P01 unknownRelation
incremental_sort.sql:244:1 42P01 unknownRelation
incremental_sort.sql:246:1 42P01 unknownRelation
incremental_sort.sql:250:1 42P01 unknownRelation
incremental_sort.sql:252:1 42P01 unknownRelation
incremental_sort.sql:257:1 42P01 unknownRelation
incremental_sort.sql:257:1 42P01 unknownRelation
incremental_sort.sql:257:1 42P01 unknownRelation
incremental_sort.sql:264:1 42P01 unknownRelation
incremental_sort.sql:264:1 42P01 unknownRelation
incremental_sort.sql:268:1 42P01 unknownRelation
incremental_sort.sql:268:1 42P01 unknownRelation
incremental_sort.sql:274:1 42P01 unknownRelation
incremental_sort.sql:276:1 42P01 unknownRelation
inherit.sql:517:1 42P01 unknownRelation
inherit.sql:519:1 42P01 unknownRelation
inherit.sql:523:1 42P01 unknownRelation
inherit.sql:525:1 42P01 unknownRelation
inherit.sql:606:1 42P01 unknownRelation
inherit.sql:606:1 42P01 unknownRelation
inherit.sql:612:1 42P01 unknownRelation
inherit.sql:612:1 42P01 unknownRelation
inherit.sql:618:1 42P01 unknownRelation
inherit.sql:618:1 42P01 unknownRelation
inherit.sql:625:1 42P01 unknownRelation
inherit.sql:625:1 42P01 unknownRelation
inherit.sql:631:1 42P01 unknownRelation
inherit.sql:631:1 42P01 unknownRelation
inherit.sql:638:1 42P01 unknownRelation
inherit.sql:638:1 42P01 unknownRelation
inherit.sql:678:1 42P01 unknownRelation
inherit.sql:680:1 42P01 unknownRelation
inherit.sql:695:1 42P01 unknownRelation
inherit.sql:697:1 42P01 unknownRelation
inherit.sql:959:1 42883 unknownFunction
insert.sql:16:1 42601 insertColumnMismatch
insert.sql:17:1 42601 insertColumnMismatch
insert.sql:18:1 42601 insertColumnMismatch
insert.sql:19:1 42601 insertColumnMismatch
insert.sql:103:3 42P01 missingFromClauseEntry
insert.sql:103:3 42P01 missingFromClauseEntry
insert.sql:156:3 42P01 missingFromClauseEntry
insert.sql:156:3 42P01 missingFromClauseEntry
insert_conflict.sql:106:1 42P01 missingFromClauseEntry
insert_conflict.sql:112:1 42703 unknownColumn
insert_conflict.sql:123:1 42P01 missingFromClauseEntry
insert_conflict.sql:266:1 42703 unknownColumn
int2.sql:8:1 42P01 unknownRelation
int2.sql:9:1 42P01 unknownRelation
int2.sql:10:1 42P01 unknownRelation
int2.sql:11:1 42P01 unknownRelation
int2.sql:12:1 42P01 unknownRelation
int2.sql:13:1 42P01 unknownRelation
int2.sql:14:1 42P01 unknownRelation
int2.sql:15:1 42P01 unknownRelation
int2.sql:18:1 42P01 unknownRelation
int2.sql:31:1 42P01 unknownRelation
int2.sql:33:1 42P01 unknownRelation
int2.sql:35:1 42P01 unknownRelation
int2.sql:37:1 42P01 unknownRelation
int2.sql:39:1 42P01 unknownRelation
int2.sql:41:1 42P01 unknownRelation
int2.sql:43:1 42P01 unknownRelation
int2.sql:45:1 42P01 unknownRelation
int2.sql:47:1 42P01 unknownRelation
int2.sql:49:1 42P01 unknownRelation
int2.sql:51:1 42P01 unknownRelation
int2.sql:53:1 42P01 unknownRelation
int2.sql:55:1 42P01 unknownRelation
int2.sql:57:1 42P01 unknownRelation
int2.sql:60:1 42P01 unknownRelation
int2.sql:63:1 42P01 unknownRelation
int2.sql:65:1 42P01 unknownRelation
int2.sql:67:1 42P01 unknownRelation
int2.sql:70:1 42P01 unknownRelation
int2.sql:72:1 42P01 unknownRelation
int2.sql:74:1 42P01 unknownRelation
int2.sql:77:1 42P01 unknownRelation
int2.sql:79:1 42P01 unknownRelation
int2.sql:81:1 42P01 unknownRelation
int2.sql:84:1 42P01 unknownRelation
int2.sql:86:1 42P01 unknownRelation
int2.sql:88:1 42P01 unknownRelation
int4.sql:8:1 42P01 unknownRelation
int4.sql:9:1 42P01 unknownRelation
int4.sql:10:1 42P01 unknownRelation
int4.sql:11:1 42P01 unknownRelation
int4.sql:12:1 42P01 unknownRelation
int4.sql:13:1 42P01 unknownRelation
int4.sql:14:1 42P01 unknownRelation
int4.sql:15:1 42P01 unknownRelation
int4.sql:18:1 42P01 unknownRelation
int4.sql:26:1 42P01 unknownRelation
int4.sql:28:1 42P01 unknownRelation
int4.sql:30:1 42P01 unknownRelation
int4.sql:32:1 42P01 unknownRelation
int4.sql:34:1 42P01 unknownRelation
int4.sql:36:1 42P01 unknownRelation
int4.sql:38:1 42P01 unknownRelation
int4.sql:40:1 42P01 unknownRelation
int4.sql:42:1 42P01 unknownRelation
int4.sql:44:1 42P01 unknownRelation
int4.sql:46:1 42P01 unknownRelation
int4.sql:48:1 42P01 unknownRelation
int4.sql:51:1 42P01 unknownRelation
int4.sql:54:1 42P01 unknownRelation
int4.sql:56:1 42P01 unknownRelation
int4.sql:58:1 42P01 unknownRelation
int4.sql:61:1 42P01 unknownRelation
int4.sql:63:1 42P01 unknownRelation
int4.sql:66:1 42P01 unknownRelation
int4.sql:68:1 42P01 unknownRelation
int4.sql:71:1 42P01 unknownRelation
int4.sql:73:1 42P01 unknownRelation
int4.sql:76:1 42P01 unknownRelation
int4.sql:78:1 42P01 unknownRelation
int4.sql:81:1 42P01 unknownRelation
int4.sql:83:1 42P01 unknownRelation
int4.sql:86:1 42P01 unknownRelation
int4.sql:88:1 42P01 unknownRelation
int8.sql:9:1 42P01 unknownRelation
int8.sql:10:1 42P01 unknownRelation
int8.sql:11:1 42P01 unknownRelation
int8.sql:12:1 42P01 unknownRelation
int8.sql:13:1 42P01 unknownRelation
int8.sql:14:1 42P01 unknownRelation
int8.sql:15:1 42P01 unknownRelation
int8.sql:17:1 42P01 unknownRelation
int8.sql:26:1 42P01 unknownRelation
int8.sql:27:1 42P01 unknownRelation
int8.sql:28:1 42P01 unknownRelation
int8.sql:29:1 42P01 unknownRelation
int8.sql:30:1 42P01 unknownRelation
int8.sql:31:1 42P01 unknownRelation
int8.sql:34:1 42P01 unknownRelation
int8.sql:35:1 42P01 unknownRelation
int8.sql:36:1 42P01 unknownRelation
int8.sql:37:1 42P01 unknownRelation
int8.sql:38:1 42P01 unknownRelation
int8.sql:39:1 42P01 unknownRelation
int8.sql:42:1 42P01 unknownRelation
int8.sql:43:1 42P01 unknownRelation
int8.sql:44:1 42P01 unknownRelation
int8.sql:45:1 42P01 unknownRelation
int8.sql:46:1 42P01 unknownRelation
int8.sql:47:1 42P01 unknownRelation
int8.sql:50:1 42P01 unknownRelation
int8.sql:51:1 42P01 unknownRelation
int8.sql:52:1 42P01 unknownRelation
int8.sql:53:1 42P01 unknownRelation
int8.sql:54:1 42P01 unknownRelation
int8.sql:55:1 42P01 unknownRelation
int8.sql:58:1 42P01 unknownRelation
int8.sql:59:1 42P01 unknownRelation
int8.sql:60:1 42P01 unknownRelation
int8.sql:61:1 42P01 unknownRelation
int8.sql:62:1 42P01 unknownRelation
int8.sql:63:1 42P01 unknownRelation
int8.sql:66:1 42P01 unknownRelation
int8.sql:68:1 42P01 unknownRelation
int8.sql:69:1 42P01 unknownRelation
int8.sql:70:1 42P01 unknownRelation
int8.sql:71:1 42P01 unknownRelation
int8.sql:73:1 42P01 unknownRelation
int8.sql:75:1 42P01 unknownRelation
int8.sql:76:1 42P01 unknownRelation
int8.sql:78:1 42P01 unknownRelation
int8.sql:79:1 42P01 unknownRelation
int8.sql:80:1 42P01 unknownRelation
int8.sql:81:1 42P01 unknownRelation
int8.sql:84:1 42P01 unknownRelation
int8.sql:86:1 42P01 unknownRelation
int8.sql:89:1 42P01 unknownRelation
int8.sql:91:1 42P01 unknownRelation
int8.sql:93:1 42P01 unknownRelation
int8.sql:94:1 42P01 unknownRelation
int8.sql:95:1 42P01 unknownRelation
int8.sql:100:1 42P01 unknownRelation
int8.sql:103:1 42P01 unknownRelation
int8.sql:106:1 42P01 unknownRelation
int8.sql:109:1 42P01 unknownRelation
int8.sql:112:1 42P01 unknownRelation
int8.sql:113:1 42P01 unknownRelation
int8.sql:114:1 42P01 unknownRelation
int8.sql:115:1 42P01 unknownRelation
int8.sql:116:1 42P01 unknownRelation
int8.sql:117:1 42P01 unknownRelation
int8.sql:118:1 42P01 unknownRelation
int8.sql:119:1 42P01 unknownRelation
int8.sql:120:1 42P01 unknownRelation
int8.sql:121:1 42P01 unknownRelation
int8.sql:122:1 42P01 unknownRelation
int8.sql:123:1 42P01 unknownRelation
int8.sql:124:1 42P01 unknownRelation
int8.sql:168:1 42P01 unknownRelation
int8.sql:169:1 42P01 unknownRelation
int8.sql:171:1 42P01 unknownRelation
int8.sql:172:1 42P01 unknownRelation
int8.sql:176:1 42P01 unknownRelation
int8.sql:180:1 42P01 unknownRelation
int8.sql:186:1 42P01 unknownRelation
int8.sql:187:1 42P01 unknownRelation
join.sql:82:1 42702 ambiguousColumn
join.sql:134:1 42703 unknownColumn
join.sql:216:1 42P01 unknownRelation
join.sql:216:1 42P01 unknownRelation
join.sql:216:1 42P01 unknownRelation
join.sql:366:1 42P01 unknownRelation
join.sql:366:1 42P01 unknownRelation
join.sql:366:1 42P01 unknownRelation
join.sql:374:1 42P01 unknownRelation
join.sql:374:1 42P01 unknownRelation
join.sql:374:1 42P01 unknownRelation
join.sql:374:1 42P01 unknownRelation
join.sql:374:1 42P01 unknownRelation
join.sql:383:1 42P01 unknownRelation
join.sql:383:1 42P01 unknownRelation
join.sql:383:1 42P01 unknownRelation
join.sql:383:1 42P01 unknownRelation
join.sql:383:1 42P01 unknownRelation
join.sql:392:1 42P01 unknownRelation
join.sql:392:1 42P01 unknownRelation
join.sql:397:1 42P01 unknownRelation
join.sql:397:1 42P01 unknownRelation
join.sql:404:1 42P01 unknownRelation
join.sql:404:1 42P01 unknownRelation
join.sql:409:1 42P01 unknownRelation
join.sql:409:1 42P01 unknownRelation
join.sql:417:1 42P01 unknownRelation
join.sql:417:1 42P01 unknownRelation
join.sql:417:1 42P01 unknownRelation
join.sql:417:1 42P01 unknownRelation
join.sql:417:1 42P01 unknownRelation
join.sql:431:1 42P01 unknownRelation
join.sql:431:1 42P01 unknownRelation
join.sql:431:1 42P01 unknownRelation
join.sql:438:1 42P01 unknownRelation
join.sql:438:1 42P01 unknownRelation
join.sql:438:1 42P01 unknownRelation
join.sql:447:1 42P01 unknownRelation
join.sql:447:1 42P01 unknownRelation
join.sql:447:1 42P01 unknownRelation
join.sql:447:1 42P01 unknownRelation
join.sql:454:1 42P01 unknownRelation
join.sql:454:1 42P01 unknownRelation
join.sql:454:1 42P01 unknownRelation
join.sql:454:1 42P01 unknownRelation
join.sql:460:1 42P01 unknownRelation
join.sql:460:1 42P01 unknownRelation
join.sql:460:1 42P01 unknownRelation
join.sql:460:1 42P01 unknownRelation
join.sql:466:1 42P01 unknownRelation
join.sql:466:1 42P01 unknownRelation
join.sql:466:1 42P01 unknownRelation
join.sql:466:1 42P01 unknownRelation
join.sql:472:1 42P01 unknownRelation
join.sql:472:1 42P01 unknownRelation
join.sql:472:1 42P01 unknownRelation
join.sql:472:1 42P01 unknownRelation
join.sql:472:1 42P01 unknownRelation
join.sql:479:1 42P01 unknownRelation
join.sql:479:1 42P01 unknownRelation
join.sql:479:1 42P01 unknownRelation
join.sql:479:1 42P01 unknownRelation
join.sql:485:1 42P01 unknownRelation
join.sql:485:1 42P01 unknownRelation
join.sql:485:1 42P01 unknownRelation
join.sql:485:1 42P01 unknownRelation
join.sql:491:1 42P01 unknownRelation
join.sql:491:1 42P01 unknownRelation
join.sql:491:1 42P01 unknownRelation
join.sql:491:1 42P01 unknownRelation
join.sql:497:1 42P01 unknownRelation
join.sql:497:1 42P01 unknownRelation
join.sql:497:1 42P01 unknownRelation
join.sql:497:1 42P01 unknownRelation
join.sql:505:1 42P01 unknownRelation
join.sql:505:1 42P01 unknownRelation
join.sql:505:1 42P01 unknownRelation
join.sql:505:1 42P01 unknownRelation
join.sql:513:1 42P01 unknownRelation
join.sql:513:1 42P01 unknownRelation
join.sql:513:1 42P01 unknownRelation
join.sql:513:1 42P01 unknownRelation
join.sql:519:1 42P01 unknownRelation
join.sql:519:1 42P01 unknownRelation
join.sql:519:1 42P01 unknownRelation
join.sql:519:1 42P01 unknownRelation
join.sql:519:1 42P01 unknownRelation
join.sql:525:1 42P01 unknownRelation
join.sql:525:1 42P01 unknownRelation
join.sql:525:1 42P01 unknownRelation
join.sql:532:1 42P01 unknownRelation
join.sql:532:1 42P01 unknownRelation
join.sql:539:1 42P01 unknownRelation
join.sql:539:1 42P01 unknownRelation
join.sql:539:1 42P01 unknownRelation
join.sql:546:1 42P01 unknownRelation
join.sql:546:1 42P01 unknownRelation
join.sql:546:1 42P01 unknownRelation
join.sql:571:1 42P01 unknownRelation
join.sql:571:1 42P01 unknownRelation
join.sql:578:1 42P01 unknownRelation
join.sql:578:1 42P01 unknownRelation
join.sql:593:1 42P01 unknownRelation
join.sql:593:1 42P01 unknownRelation
join.sql:648:1 42703 unknownColumn
join.sql:728:1 42P01 unknownRelation
join.sql:728:1 42P01 unknownRelation
join.sql:731:1 42P01 unknownRelation
join.sql:731:1 42P01 unknownRelation
join.sql:779:1 42P01 unknownRelation
join.sql:779:1 42P01 unknownRelation
join.sql:784:1 42P01 unknownRelation
join.sql:784:1 42P01 unknownRelation
join.sql:788:1 42P01 unknownRelation
join.sql:788:1 42P01 unknownRelation
join.sql:792:1 42P01 unknownRelation
join.sql:792:1 42P01 unknownRelation
join.sql:796:1 42P01 unknownRelation
join.sql:796:1 42P01 unknownRelation
join.sql:883:1 42P01 unknownRelation
join.sql:883:1 42P01 unknownRelation
join.sql:2701:1 42P01 unknownColumn
join.sql:2702:1 42P01 missingFromClauseEntry
join.sql:2703:1 42P01 unknownColumn
join.sql:2704:1 42P01 missingFromClauseEntry
join_hash.sql:614:1 42P01 unknownRelation
join_hash.sql:614:1 42P01 unknownRelation
join_hash.sql:614:1 42P01 unknownRelation
join_hash.sql:620:1 42P01 unknownRelation
join_hash.sql:620:1 42P01 unknownRelation
join_hash.sql:620:1 42P01 unknownRelation
limit.sql:6:1 42P01 unknownRelation
limit.sql:9:1 42P01 unknownRelation
limit.sql:12:1 42P01 unknownRelation
limit.sql:15:1 42P01 unknownRelation
limit.sql:18:1 42P01 unknownRelation
limit.sql:21:1 42P01 unknownRelation
limit.sql:24:1 42P01 unknownRelation
limit.sql:27:1 42P01 unknownRelation
limit.sql:30:1 42P01 unknownRelation
limit.sql:36:1 42P01 unknownRelation
limit.sql:37:1 42P01 unknownRelation
limit.sql:42:1 42P01 unknownRelation
limit.sql:50:1 42P01 unknownRelation
limit.sql:58:1 42P01 unknownRelation
limit.sql:66:1 42P01 unknownRelation
memoize.sql:43:1 42P01 unknownRelation
memoize.sql:43:1 42P01 unknownRelation
memoize.sql:55:1 42P01 unknownRelation
memoize.sql:55:1 42P01 unknownRelation
memoize.sql:115:1 42883 unknownFunction
memoize.sql:161:1 42P01 unknownRelation
memoize.sql:161:1 42P01 unknownRelation
memoize.sql:161:1 42P01 unknownRelation
memoize.sql:170:1 42P01 unknownRelation
memoize.sql:170:1 42P01 unknownRelation
memoize.sql:170:1 42P01 unknownRelation
memoize.sql:191:1 42P01 unknownRelation
memoize.sql:191:1 42P01 unknownRelation
memoize.sql:197:1 42P01 unknownRelation
memoize.sql:197:1 42P01 unknownRelation
misc_functions.sql:36:1 42883 unknownFunction
misc_functions.sql:37:1 42883 unknownFunction
multirangetypes.sql:8:1 42704 unknownType
multirangetypes.sql:9:1 42704 unknownType
multirangetypes.sql:10:1 42704 unknownType
multirangetypes.sql:11:1 42704 unknownType
multirangetypes.sql:12:1 42704 unknownType
multirangetypes.sql:13:1 42704 unknownType
multirangetypes.sql:14:1 42704 unknownType
multirangetypes.sql:15:1 42704 unknownType
multirangetypes.sql:16:1 42704 unknownType
multirangetypes.sql:17:1 42704 unknownType
multirangetypes.sql:18:1 42704 unknownType
multirangetypes.sql:19:1 42704 unknownType
multirangetypes.sql:20:1 42704 unknownType
multirangetypes.sql:21:1 42704 unknownType
multirangetypes.sql:24:1 42704 unknownType
multirangetypes.sql:25:1 42704 unknownType
multirangetypes.sql:26:1 42704 unknownType
multirangetypes.sql:27:1 42704 unknownType
multirangetypes.sql:28:1 42704 unknownFunction
multirangetypes.sql:28:1 42704 unknownType
multirangetypes.sql:29:1 42704 unknownType
multirangetypes.sql:30:1 42704 unknownType
multirangetypes.sql:31:1 42704 unknownType
multirangetypes.sql:32:1 42704 unknownType
multirangetypes.sql:33:1 42704 unknownType
multirangetypes.sql:34:1 42704 unknownType
multirangetypes.sql:35:1 42704 unknownType
multirangetypes.sql:36:1 42704 unknownType
multirangetypes.sql:37:1 42704 unknownType
multirangetypes.sql:38:1 42704 unknownType
multirangetypes.sql:39:1 42704 unknownType
multirangetypes.sql:40:1 42704 unknownType
multirangetypes.sql:41:1 42704 unknownType
multirangetypes.sql:42:1 42704 unknownType
multirangetypes.sql:43:1 42704 unknownType
multirangetypes.sql:44:1 42704 unknownType
multirangetypes.sql:45:1 42704 unknownType
multirangetypes.sql:46:1 42704 unknownType
multirangetypes.sql:47:1 42704 unknownType
multirangetypes.sql:48:1 42704 unknownType
multirangetypes.sql:50:1 42704 unknownType
multirangetypes.sql:53:1 42704 unknownType
multirangetypes.sql:54:1 42704 unknownType
multirangetypes.sql:55:1 42704 unknownType
multirangetypes.sql:57:1 42704 unknownType
multirangetypes.sql:58:1 42704 unknownType
multirangetypes.sql:59:1 42704 unknownType
multirangetypes.sql:71:1 42883 unknownFunction
multirangetypes.sql:72:1 42883 unknownFunction
multirangetypes.sql:72:1 42883 unknownFunction
multirangetypes.sql:73:1 42883 unknownFunction
multirangetypes.sql:73:1 42883 unknownFunction
multirangetypes.sql:73:1 42883 unknownFunction
multirangetypes.sql:74:1 42883 unknownFunction
multirangetypes.sql:74:1 42883 unknownFunction
multirangetypes.sql:74:1 42883 unknownFunction
multirangetypes.sql:83:1 42704 unknownType
multirangetypes.sql:83:1 42704 unknownType
multirangetypes.sql:84:1 42704 unknownFunction
multirangetypes.sql:84:1 42704 unknownType
multirangetypes.sql:85:1 42704 unknownFunction
multirangetypes.sql:85:1 42704 unknownType
multirangetypes.sql:86:1 42704 unknownFunction
multirangetypes.sql:86:1 42704 unknownType
multirangetypes.sql:92:1 42883 unknownFunction
multirangetypes.sql:92:1 42883 unknownFunction
multirangetypes.sql:92:1 42883 unknownFunction
multirangetypes.sql:93:1 42883 unknownFunction
multirangetypes.sql:93:1 42883 unknownFunction
multirangetypes.sql:93:1 42883 unknownFunction
multirangetypes.sql:573:1 42704 unknownType
multirangetypes.sql:573:1 42704 unknownType
multirangetypes.sql:573:1 42704 unknownType
multirangetypes.sql:573:1 42704 unknownType
multirangetypes.sql:573:1 42704 unknownType
multirangetypes.sql:645:1 42704 unknownType
multirangetypes.sql:647:1 42P01 unknownFunction
multirangetypes.sql:647:1 42P01 unknownFunction
namespace.sql:12:8 42P01 unknownRelation
namespace.sql:25:8 42P01 unknownColumn
namespace.sql:44:1 42P01 unknownRelation
namespace.sql:45:1 42P01 unknownRelation
namespace.sql:46:1 42P01 unknownRelation
namespace.sql:48:1 42P01 unknownRelation
namespace.sql:49:1 42P01 unknownRelation
numerology.sql:90:1 42703 unknownColumn
opr_sanity.sql:473:1 42883 unknownFunction
opr_sanity.sql:473:1 42883 unknownFunction
opr_sanity.sql:686:1 42883 unknownFunction
opr_sanity.sql:686:1 42883 unknownFunction
opr_sanity.sql:686:1 42883 unknownFunction
opr_sanity.sql:695:1 42883 unknownFunction
opr_sanity.sql:695:1 42883 unknownFunction
opr_sanity.sql:867:1 42883 unknownFunction
opr_sanity.sql:867:1 42883 unknownFunction
opr_sanity.sql:867:1 42883 unknownFunction
opr_sanity.sql:867:1 42883 unknownFunction
opr_sanity.sql:867:1 42883 unknownFunction
opr_sanity.sql:867:1 42883 unknownFunction
opr_sanity.sql:891:1 42883 unknownFunction
opr_sanity.sql:891:1 42883 unknownFunction
opr_sanity.sql:891:1 42883 unknownFunction
opr_sanity.sql:891:1 42883 unknownFunction
opr_sanity.sql:891:1 42883 unknownFunction
opr_sanity.sql:914:1 42883 unknownFunction
opr_sanity.sql:943:1 42883 unknownFunction
opr_sanity.sql:943:1 42883 unknownFunction
opr_sanity.sql:943:1 42883 unknownFunction
opr_sanity.sql:943:1 42883 unknownFunction
opr_sanity.sql:943:1 42883 unknownFunction
opr_sanity.sql:964:1 42883 unknownFunction
opr_sanity.sql:964:1 42883 unknownFunction
opr_sanity.sql:964:1 42883 unknownFunction
opr_sanity.sql:964:1 42883 unknownFunction
opr_sanity.sql:964:1 42883 unknownFunction
opr_sanity.sql:986:1 42883 unknownFunction
opr_sanity.sql:986:1 42883 unknownFunction
opr_sanity.sql:986:1 42883 unknownFunction
opr_sanity.sql:986:1 42883 unknownFunction
opr_sanity.sql:986:1 42883 unknownFunction
opr_sanity.sql:1009:1 42883 unknownFunction
opr_sanity.sql:1028:1 42883 unknownFunction
opr_sanity.sql:1273:1 42883 unknownFunction
opr_sanity.sql:1286:1 42883 unknownFunction
opr_sanity.sql:1376:1 42883 unknownFunction
partition_join.sql:446:1 42P01 unknownRelation
partition_join.sql:446:1 42P01 unknownRelation
partition_prune.sql:391:1 42P01 unknownRelation
partition_prune.sql:391:1 42P01 unknownRelation
plancache.sql:5:1 42P01 unknownRelation
plpgsql.sql:1617:1 42883 unknownFunction
plpgsql.sql:1635:1 42883 unknownFunction
plpgsql.sql:1652:1 42883 unknownFunction
plpgsql.sql:1766:1 42883 unknownFunction
point.sql:11:1 42P01 unknownRelation
point.sql:13:1 42P01 unknownRelation
point.sql:15:1 42P01 unknownRelation
point.sql:17:1 42P01 unknownRelation
point.sql:19:1 42P01 unknownRelation
point.sql:22:1 42P01 unknownRelation
point.sql:25:1 42P01 unknownRelation
point.sql:28:1 42P01 unknownRelation
point.sql:31:1 42P01 unknownRelation
point.sql:34:1 42P01 unknownRelation
point.sql:37:1 42P01 unknownRelation
point.sql:40:1 42P01 unknownRelation
point.sql:43:1 42P01 unknownRelation
point.sql:46:1 42P01 unknownRelation
point.sql:49:1 42P01 unknownRelation
point.sql:52:1 42P01 unknownRelation
point.sql:55:1 42P01 unknownRelation
point.sql:59:1 42P01 unknownRelation
point.sql:59:1 42P01 unknownRelation
point.sql:63:1 42P01 unknownRelation
point.sql:63:1 42P01 unknownRelation
point.sql:68:1 42P01 unknownRelation
point.sql:68:1 42P01 unknownRelation
point.sql:74:1 42P01 unknownRelation
point.sql:74:1 42P01 unknownRelation
polymorphism.sql:52:1 42883 unknownFunction
polymorphism.sql:68:1 42883 unknownFunction
polymorphism.sql:78:1 42883 unknownFunction
polymorphism.sql:93:1 42883 unknownFunction
polymorphism.sql:106:1 42883 unknownFunction
polymorphism.sql:566:1 42P01 unknownRelation
polymorphism.sql:568:1 42P01 unknownRelation
polymorphism.sql:607:1 42P01 unknownRelation
polymorphism.sql:668:1 42883 unknownFunction
polymorphism.sql:696:1 42883 functionArgumentMismatch
polymorphism.sql:697:1 42883 functionArgumentMismatch
polymorphism.sql:723:1 42883 unknownFunction
polymorphism.sql:756:1 42725 functionArgumentMismatch
polymorphism.sql:776:1 42725 functionArgumentMismatch
polymorphism.sql:777:1 42725 functionArgumentMismatch
polymorphism.sql:778:1 42725 functionArgumentMismatch
polymorphism.sql:807:1 42883 unknownFunction
polymorphism.sql:841:1 42725 functionArgumentMismatch
polymorphism.sql:863:1 42883 unknownFunction
polymorphism.sql:921:1 42P13 functionReturnTypeMismatch
polymorphism.sql:922:1 42P13 functionReturnTypeMismatch
portals.sql:7:1 42P01 unknownRelation
portals.sql:9:1 42P01 unknownRelation
portals.sql:11:1 42P01 unknownRelation
portals.sql:13:1 42P01 unknownRelation
portals.sql:15:1 42P01 unknownRelation
portals.sql:17:1 42P01 unknownRelation
portals.sql:19:1 42P01 unknownRelation
portals.sql:21:1 42P01 unknownRelation
portals.sql:23:1 42P01 unknownRelation
portals.sql:25:1 42P01 unknownRelation
portals.sql:27:1 42P01 unknownRelation
portals.sql:29:1 42P01 unknownRelation
portals.sql:31:1 42P01 unknownRelation
portals.sql:33:1 42P01 unknownRelation
portals.sql:35:1 42P01 unknownRelation
portals.sql:37:1 42P01 unknownRelation
portals.sql:39:1 42P01 unknownRelation
portals.sql:41:1 42P01 unknownRelation
portals.sql:43:1 42P01 unknownRelation
portals.sql:45:1 42P01 unknownRelation
portals.sql:47:1 42P01 unknownRelation
portals.sql:49:1 42P01 unknownRelation
portals.sql:51:1 42P01 unknownRelation
portals.sql:185:1 42P01 unknownRelation
portals.sql:195:1 42P01 unknownRelation
portals_p2.sql:7:1 42P01 unknownRelation
portals_p2.sql:10:1 42P01 unknownRelation
portals_p2.sql:13:1 42P01 unknownRelation
portals_p2.sql:16:1 42P01 unknownRelation
portals_p2.sql:19:1 42P01 unknownRelation
portals_p2.sql:22:1 42P01 unknownRelation
portals_p2.sql:25:1 42P01 unknownRelation
portals_p2.sql:28:1 42P01 unknownRelation
portals_p2.sql:31:1 42P01 unknownRelation
portals_p2.sql:34:1 42P01 unknownRelation
portals_p2.sql:37:1 42P01 unknownRelation
portals_p2.sql:40:1 42P01 unknownRelation
portals_p2.sql:43:1 42P01 unknownRelation
prepared_xacts.sql:161:1 42P01 unknownRelation
privileges.sql:272:1 42501 unknownRelation
privileges.sql:445:1 42P01 unknownRelation
privileges.sql:445:1 42P01 unknownRelation
privileges.sql:452:1 42P01 unknownRelation
privileges.sql:452:1 42P01 unknownRelation
rangefuncs.sql:359:1 42P13 functionReturnTypeMismatch
rangefuncs.sql:361:1 42P13 functionReturnTypeMismatch
rangefuncs.sql:367:1 42P01 unknownRelation
rangefuncs.sql:373:1 42P01 unknownRelation
rangefuncs.sql:423:1 42883 unknownFunction
rangefuncs.sql:768:1 42P01 unknownRelation
rangefuncs.sql:771:1 42P01 unknownRelation
rangefuncs.sql:777:1 42P01 unknownRelation
rangefuncs.sql:780:1 42P01 unknownRelation
rangefuncs.sql:788:1 42P01 unknownRelation
rangefuncs.sql:791:1 42P01 unknownRelation
rangefuncs.sql:827:1 42P01 unknownRelation
rangetypes.sql:9:1 42704 unknownType
rangetypes.sql:10:1 42704 unknownType
rangetypes.sql:11:1 42704 unknownType
rangetypes.sql:12:1 42704 unknownType
rangetypes.sql:13:1 42704 unknownType
rangetypes.sql:14:1 42704 unknownType
rangetypes.sql:15:1 42704 unknownType
rangetypes.sql:16:1 42704 unknownType
rangetypes.sql:17:1 42704 unknownType
rangetypes.sql:18:1 42704 unknownType
rangetypes.sql:21:1 42704 unknownType
rangetypes.sql:22:1 42704 unknownType
rangetypes.sql:23:1 42704 unknownType
rangetypes.sql:24:1 42704 unknownType
rangetypes.sql:25:1 42704 unknownType
rangetypes.sql:26:1 42704 unknownType
rangetypes.sql:27:1 42704 unknownType
rangetypes.sql:28:1 42704 unknownType
rangetypes.sql:29:1 42704 unknownType
rangetypes.sql:30:1 42704 unknownType
rangetypes.sql:31:1 42704 unknownType
rangetypes.sql:32:1 42704 unknownType
rangetypes.sql:33:1 42704 unknownType
rangetypes.sql:34:1 42704 unknownType
rangetypes.sql:35:1 42704 unknownType
rangetypes.sql:36:1 42704 unknownType
rangetypes.sql:37:1 42704 unknownType
rangetypes.sql:39:1 42704 unknownType
rangetypes.sql:40:1 42704 unknownType
rangetypes.sql:41:1 42704 unknownType
rangetypes.sql:181:1 42P01 unknownFunction
rangetypes.sql:183:1 42P01 unknownFunction
rangetypes.sql:188:1 42P01 unknownFunction
rangetypes.sql:189:1 42P01 unknownFunction
rangetypes.sql:190:1 42P01 unknownFunction
rangetypes.sql:459:1 42704 unknownType
rangetypes.sql:461:1 42P01 unknownFunction
returning.sql:25:1 42P01 unknownRelation
returning.sql:25:1 42P01 unknownRelation
returning.sql:29:1 42P01 unknownRelation
returning.sql:29:1 42P01 unknownRelation
returning.sql:34:1 42P01 unknownRelation
returning.sql:34:1 42P01 unknownRelation
returning.sql:41:1 42P01 unknownRelation
returning.sql:48:1 42P01 unknownRelation
returning.sql:71:1 42P01 unknownRelation
returning.sql:79:1 42P01 unknownRelation
rowtypes.sql:123:1 42P01 unknownRelation
rowtypes.sql:123:1 42P01 unknownRelation
rowtypes.sql:129:1 42P01 unknownRelation
rowtypes.sql:134:1 42P01 unknownRelation
rowtypes.sql:138:1 42P01 unknownRelation
rowtypes.sql:143:1 42P01 unknownRelation
rowtypes.sql:147:1 42P01 unknownRelation
rowtypes.sql:152:1 42P01 unknownRelation
rowtypes.sql:156:1 42P01 unknownRelation
rowtypes.sql:161:1 42P01 unknownRelation
rowtypes.sql:181:1 42P01 unknownRelation
rowtypes.sql:183:1 42P01 unknownRelation
rowtypes.sql:183:1 42P01 unknownType
rowtypes.sql:187:1 42P01 unknownRelation
rowtypes.sql:187:1 42P01 unknownType
rowtypes.sql:431:1 42P01 unknownRelation
rowtypes.sql:433:1 42P01 unknownRelation
rowtypes.sql:436:1 42P01 unknownRelation
rowtypes.sql:438:1 42P01 unknownRelation
rowtypes.sql:440:1 42P01 unknownRelation
rowtypes.sql:442:1 42P01 unknownRelation
rowtypes.sql:444:1 42P01 unknownRelation
rowtypes.sql:446:1 42P01 unknownRelation
rowtypes.sql:449:1 42P01 unknownRelation
rowtypes.sql:453:1 42P01 unknownRelation
rowtypes.sql:456:1 42P01 unknownRelation
rowtypes.sql:459:1 42P01 unknownRelation
rowtypes.sql:463:1 42P01 unknownRelation
sanity_check.sql:31:1 42883 unknownFunction
sanity_check.sql:31:1 42883 unknownFunction
select.sql:8:1 42P01 unknownRelation
select.sql:15:1 42P01 unknownRelation
select.sql:22:1 42P01 unknownRelation
select.sql:30:1 42P01 unknownRelation
select.sql:38:1 42P01 unknownRelation
select.sql:46:1 42P01 unknownRelation
select.sql:54:1 42P01 unknownRelation
select.sql:74:1 42P01 unknownRelation
select.sql:79:1 42P01 unknownRelation
select.sql:86:1 42P01 unknownRelation
select.sql:100:1 42P01 unknownRelation
select.sql:109:1 42P01 unknownRelation
select.sql:121:1 42P01 unknownRelation
select.sql:126:1 42P01 unknownRelation
select.sql:133:1 42P01 unknownRelation
select.sql:140:1 42P01 unknownRelation
select.sql:195:1 42P01 unknownRelation
select.sql:197:1 42P01 unknownRelation
select.sql:199:1 42P01 unknownRelation
select.sql:201:1 42P01 unknownRelation
select.sql:203:1 42P01 unknownRelation
select.sql:205:1 42P01 unknownRelation
select.sql:207:1 42P01 unknownRelation
select.sql:208:1 42P01 unknownRelation
select.sql:210:1 42P01 unknownRelation
select.sql:212:1 42P01 unknownRelation
select.sql:214:1 42P01 unknownRelation
select.sql:216:1 42P01 unknownRelation
select.sql:218:1 42P01 unknownRelation
select.sql:221:1 42P01 unknownRelation
select.sql:223:1 42P01 unknownRelation
select.sql:226:1 42P01 unknownRelation
select.sql:229:1 42P01 unknownRelation
select.sql:231:1 42P01 unknownRelation
select.sql:234:1 42P01 unknownRelation
select_distinct.sql:8:1 42P01 unknownRelation
select_distinct.sql:13:1 42P01 unknownRelation
select_distinct.sql:18:1 42P01 unknownRelation
select_distinct.sql:24:1 42P01 unknownRelation
select_distinct.sql:35:1 42P01 unknownRelation
select_distinct.sql:41:1 42P01 unknownRelation
select_distinct.sql:45:1 42P01 unknownRelation
select_distinct.sql:75:1 42P01 unknownRelation
select_distinct.sql:125:1 42P01 unknownRelation
select_distinct.sql:129:1 42P01 unknownRelation
select_distinct.sql:138:1 42P01 unknownRelation
select_distinct.sql:149:1 42P01 unknownRelation
select_distinct.sql:163:1 42P01 unknownRelation
select_distinct.sql:167:1 42P01 unknownRelation
select_distinct.sql:170:1 42P01 unknownRelation
select_distinct.sql:174:1 42P01 unknownRelation
select_distinct.sql:177:1 42P01 unknownRelation
select_distinct.sql:181:1 42P01 unknownRelation
select_distinct_on.sql:5:1 42P01 unknownRelation
select_distinct_on.sql:10:1 42P01 unknownRelation
select_distinct_on.sql:14:1 42P01 unknownRelation
select_distinct_on.sql:19:1 42P01 unknownRelation
select_distinct_on.sql:27:1 42P01 unknownRelation
select_distinct_on.sql:32:1 42P01 unknownRelation
select_distinct_on.sql:36:1 42P01 unknownRelation
select_distinct_on.sql:42:1 42P01 unknownRelation
select_implicit.sql:58:1 42702 ambiguousColumn
select_implicit.sql:58:1 42702 ambiguousColumn
select_implicit.sql:129:1 42702 ambiguousColumn
select_implicit.sql:129:1 42702 ambiguousColumn
select_implicit.sql:140:1 42702 ambiguousColumn
select_into.sql:5:1 42P01 unknownRelation
select_into.sql:12:1 42P01 unknownRelation
select_into.sql:97:1 42P01 unknownRelation
select_parallel.sql:17:1 42P01 unknownRelation
select_parallel.sql:19:1 42P01 unknownRelation
select_parallel.sql:24:1 42P01 unknownRelation
select_parallel.sql:26:1 42P01 unknownRelation
select_parallel.sql:33:1 42P01 unknownRelation
select_parallel.sql:35:1 42P01 unknownRelation
select_parallel.sql:45:1 42P01 unknownRelation
select_parallel.sql:47:1 42P01 unknownRelation
select_parallel.sql:67:1 42P01 unknownRelation
select_parallel.sql:69:1 42P01 unknownRelation
select_parallel.sql:74:1 42P01 unknownRelation
select_parallel.sql:76:1 42P01 unknownRelation
select_parallel.sql:83:1 42P01 unknownRelation
select_parallel.sql:88:1 42P01 unknownRelation
select_parallel.sql:90:1 42P01 unknownRelation
select_parallel.sql:92:1 42P01 unknownRelation
select_parallel.sql:97:1 42P01 unknownRelation
select_views.sql:6:1 42P01 unknownRelation
select_views.sql:8:1 42P01 unknownRelation
select_views.sql:10:1 42P01 unknownRelation
sqljson.sql:346:1 42703 unknownColumn
stats.sql:94:1 42P01 unknownRelation
stats.sql:98:1 42P01 unknownRelation
subselect.sql:87:1 42P01 unknownRelation
subselect.sql:88:1 42P01 unknownRelation
subselect.sql:90:1 42P01 unknownRelation
subselect.sql:92:1 42P01 unknownRelation
subselect.sql:92:1 42P01 unknownRelation
subselect.sql:105:1 42P01 unknownRelation
subselect.sql:105:1 42P01 unknownRelation
subselect.sql:118:1 42P01 unknownRelation
subselect.sql:123:1 42P01 unknownRelation
subselect.sql:123:1 42P01 unknownRelation
subselect.sql:144:1 42P01 unknownRelation
subselect.sql:144:1 42P01 unknownRelation
subselect.sql:147:1 42P01 unknownRelation
subselect.sql:147:1 42P01 unknownRelation
subselect.sql:150:1 42P01 unknownRelation
subselect.sql:150:1 42P01 unknownRelation
subselect.sql:159:1 42P01 unknownRelation
subselect.sql:159:1 42P01 unknownRelation
subselect.sql:162:1 42P01 unknownRelation
subselect.sql:162:1 42P01 unknownRelation
subselect.sql:165:1 42P01 unknownRelation
subselect.sql:165:1 42P01 unknownRelation
subselect.sql:168:1 42P01 unknownRelation
subselect.sql:168:1 42P01 unknownRelation
subselect.sql:303:1 42P01 unknownRelation
subselect.sql:303:1 42P01 unknownRelation
subselect.sql:303:1 42P01 unknownRelation
subselect.sql:310:1 42P01 unknownRelation
subselect.sql:310:1 42P01 unknownRelation
subselect.sql:319:1 42P01 unknownRelation
subselect.sql:319:1 42P01 unknownRelation
subselect.sql:324:1 42P01 unknownRelation
subselect.sql:324:1 42P01 unknownRelation
subselect.sql:406:1 42P01 unknownRelation
subselect.sql:407:1 42P01 unknownRelation
subselect.sql:417:1 42P01 unknownRelation
subselect.sql:417:1 42P01 unknownRelation
subselect.sql:417:1 42P01 unknownRelation
subselect.sql:417:1 42P01 unknownRelation
subselect.sql:432:1 42P01 unknownRelation
subselect.sql:432:1 42P01 unknownRelation
subselect.sql:432:1 42P01 unknownRelation
subselect.sql:445:1 42P01 unknownRelation
subselect.sql:449:1 42P01 unknownRelation
subselect.sql:519:1 42P01 unknownRelation
subselect.sql:529:1 42P01 unknownRelation
subselect.sql:531:1 42P01 unknownRelation
subselect.sql:538:1 42P01 unknownRelation
subselect.sql:540:1 42P01 unknownRelation
subselect.sql:547:1 42P01 unknownRelation
subselect.sql:549:1 42P01 unknownRelation
subselect.sql:556:1 42P01 unknownRelation
subselect.sql:556:1 42P01 unknownRelation
subselect.sql:559:1 42P01 unknownRelation
subselect.sql:559:1 42P01 unknownRelation
subselect.sql:562:1 42P01 unknownRelation
subselect.sql:562:1 42P01 unknownRelation
subselect.sql:566:1 42P01 unknownRelation
subselect.sql:566:1 42P01 unknownRelation
subselect.sql:585:1 42P01 unknownRelation
subselect.sql:585:1 42P01 unknownRelation
subselect.sql:585:1 42P01 unknownRelation
subselect.sql:585:1 42P01 unknownRelation
subselect.sql:611:1 42P01 unknownRelation
subselect.sql:611:1 42P01 unknownRelation
subselect.sql:611:1 42P01 unknownRelation
subselect.sql:619:1 42P01 unknownRelation
subselect.sql:619:1 42P01 unknownRelation
subselect.sql:619:1 42P01 unknownRelation
subselect.sql:629:1 42P01 unknownRelation
subselect.sql:629:1 42P01 unknownRelation
subselect.sql:629:1 42P01 unknownRelation
subselect.sql:638:1 42P01 unknownRelation
subselect.sql:638:1 42P01 unknownRelation
subselect.sql:638:1 42P01 unknownRelation
subselect.sql:649:1 42P01 unknownRelation
subselect.sql:661:1 42P01 unknownRelation
subselect.sql:714:1 42P01 unknownRelation
subselect.sql:714:1 42P01 unknownRelation
subselect.sql:714:1 42P01 unknownRelation
subselect.sql:718:1 42P01 unknownRelation
subselect.sql:718:1 42P01 unknownRelation
subselect.sql:718:1 42P01 unknownRelation
subselect.sql:725:1 42P01 unknownRelation
subselect.sql:725:1 42P01 unknownRelation
subselect.sql:728:1 42P01 unknownRelation
subselect.sql:728:1 42P01 unknownRelation
subselect.sql:734:1 42P01 unknownRelation
subselect.sql:746:1 42P01 unknownRelation
subselect.sql:757:1 42P01 unknownRelation
subselect.sql:773:1 42P01 unknownRelation
subselect.sql:915:1 42P01 unknownRelation
subselect.sql:915:1 42P01 unknownRelation
subselect.sql:923:1 42P01 unknownRelation
subselect.sql:923:1 42P01 unknownRelation
subselect.sql:930:1 42P01 unknownRelation
subselect.sql:930:1 42P01 unknownRelation
subselect.sql:930:1 42P01 unknownRelation
subselect.sql:938:1 42P01 unknownRelation
subselect.sql:938:1 42P01 unknownRelation
subselect.sql:938:1 42P01 unknownRelation
subselect.sql:1019:1 42P01 unknownRelation
subselect.sql:1023:1 42P01 unknownRelation
tablesample.sql:59:1 42P01 unknownRelation
text.sql:10:1 42P01 unknownRelation
text.sql:15:1 42883 functionArgumentMismatch
text.sql:26:1 42883 operatorTypeMismatch
tidscan.sql:88:1 42P01 unknownRelation
tidscan.sql:88:1 42P01 unknownRelation
tidscan.sql:90:1 42P01 unknownRelation
tidscan.sql:90:1 42P01 unknownRelation
tidscan.sql:92:1 42P01 unknownRelation
tidscan.sql:92:1 42P01 unknownRelation
tidscan.sql:94:1 42P01 unknownRelation
tidscan.sql:94:1 42P01 unknownRelation
time.sql:59:1 42725 operatorTypeMismatch
timetz.sql:64:1 42883 operatorTypeMismatch
transactions.sql:107:1 25006 unknownRelation
transactions.sql:111:17 25006 unknownRelation
transactions.sql:167:3 42703 unknownColumn
transactions.sql:202:3 42703 unknownColumn
triggers.sql:710:1 42703 unknownColumn
tsrf.sql:70:1 42P01 unknownRelation
tsrf.sql:71:1 42P01 unknownRelation
union.sql:47:1 42P01 unknownRelation
union.sql:47:1 42P01 unknownRelation
union.sql:52:1 42P01 unknownRelation
union.sql:52:1 42P01 unknownRelation
union.sql:56:1 42P01 unknownRelation
union.sql:56:1 42P01 unknownRelation
union.sql:61:1 42P01 unknownRelation
union.sql:61:1 42P01 unknownRelation
union.sql:65:1 42P01 unknownRelation
union.sql:65:1 42P01 unknownRelation
union.sql:72:1 42P01 unknownRelation
union.sql:72:1 42P01 unknownRelation
union.sql:77:1 42P01 unknownRelation
union.sql:77:1 42P01 unknownRelation
union.sql:82:1 42P01 unknownRelation
union.sql:82:1 42P01 unknownRelation
union.sql:86:1 42P01 unknownRelation
union.sql:86:1 42P01 unknownRelation
union.sql:86:1 42P01 unknownRelation
union.sql:97:35 42P01 unknownRelation
union.sql:99:1 42P01 unknownRelation
union.sql:99:1 42P01 unknownRelation
union.sql:101:1 42P01 unknownRelation
union.sql:101:1 42P01 unknownRelation
union.sql:103:1 42P01 unknownRelation
union.sql:103:1 42P01 unknownRelation
union.sql:105:1 42P01 unknownRelation
union.sql:105:1 42P01 unknownRelation
union.sql:107:1 42P01 unknownRelation
union.sql:107:1 42P01 unknownRelation
union.sql:109:1 42P01 unknownRelation
union.sql:109:1 42P01 unknownRelation
union.sql:111:1 42P01 unknownRelation
union.sql:111:1 42P01 unknownRelation
union.sql:113:1 0A000 unknownRelation
union.sql:113:1 0A000 unknownRelation
union.sql:125:1 42P01 unknownRelation
union.sql:125:1 42P01 unknownRelation
union.sql:128:1 42P01 unknownRelation
union.sql:128:1 42P01 unknownRelation
union.sql:131:1 42P01 unknownRelation
union.sql:131:1 42P01 unknownRelation
union.sql:134:1 42P01 unknownRelation
union.sql:134:1 42P01 unknownRelation
union.sql:137:1 42P01 unknownRelation
union.sql:137:1 42P01 unknownRelation
union.sql:139:1 42P01 unknownRelation
union.sql:139:1 42P01 unknownRelation
union.sql:143:1 42P01 unknownRelation
union.sql:143:1 42P01 unknownRelation
union.sql:146:1 42P01 unknownRelation
union.sql:146:1 42P01 unknownRelation
union.sql:149:1 42P01 unknownRelation
union.sql:149:1 42P01 unknownRelation
union.sql:152:1 42P01 unknownRelation
union.sql:152:1 42P01 unknownRelation
union.sql:155:1 42P01 unknownRelation
union.sql:155:1 42P01 unknownRelation
union.sql:157:1 42P01 unknownRelation
union.sql:157:1 42P01 unknownRelation
union.sql:253:37 42P01 unknownRelation
union.sql:255:1 42P01 unknownRelation
union.sql:255:1 42P01 unknownRelation
union.sql:261:35 42P01 unknownRelation
union.sql:261:35 42P01 unknownRelation
union.sql:263:1 42P01 unknownRelation
union.sql:263:1 42P01 unknownRelation
union.sql:263:1 42P01 unknownRelation
union.sql:265:1 42P01 unknownRelation
union.sql:265:1 42P01 unknownRelation
union.sql:265:1 42P01 unknownRelation
union.sql:267:1 42P01 unknownRelation
union.sql:267:1 42P01 unknownRelation
union.sql:267:1 42P01 unknownRelation
union.sql:269:1 42P01 unknownRelation
union.sql:269:1 42P01 unknownRelation
union.sql:269:1 42P01 unknownRelation
union.sql:271:1 42P01 unknownRelation
union.sql:271:1 42P01 unknownRelation
union.sql:271:1 42P01 unknownRelation
union.sql:278:1 42P01 unknownRelation
union.sql:278:1 42P01 unknownRelation
union.sql:282:1 42P01 unknownRelation
union.sql:282:1 42P01 unknownRelation
union.sql:285:1 42P01 unknownRelation
union.sql:285:1 42P01 unknownRelation
union.sql:291:1 42P01 unknownRelation
union.sql:342:1 42P01 unknownRelation
union.sql:342:1 42P01 unknownRelation
union.sql:429:1 42P01 unknownRelation
union.sql:429:1 42P01 unknownRelation
union.sql:484:1 42P01 unknownRelation
union.sql:484:1 42P01 unknownRelation
union.sql:491:1 42P01 unknownRelation
union.sql:491:1 42P01 unknownRelation
union.sql:497:1 42P01 unknownRelation
union.sql:497:1 42P01 unknownRelation
union.sql:504:1 42P01 unknownRelation
union.sql:504:1 42P01 unknownRelation
union.sql:520:1 42P01 unknownRelation
union.sql:524:1 42P01 unknownRelation
union.sql:532:1 42P01 unknownRelation
union.sql:532:1 42P01 unknownRelation
union.sql:538:1 42P01 unknownRelation
union.sql:538:1 42P01 unknownRelation
updatable_views.sql:1741:46 42P01 missingFromClauseEntry
updatable_views.sql:1741:46 42P01 missingFromClauseEntry
update.sql:86:1 42P01 missingFromClauseEntry
varchar.sql:66:1 42P01 unknownRelation
varchar.sql:68:1 42P01 unknownRelation
window.sql:29:1 42P01 unknownRelation
window.sql:37:1 42P01 unknownRelation
window.sql:39:1 42P01 unknownRelation
window.sql:42:1 42P01 unknownRelation
window.sql:45:1 42P01 unknownRelation
window.sql:47:1 42P01 unknownRelation
window.sql:49:1 42P01 unknownRelation
window.sql:51:1 42P01 unknownRelation
window.sql:53:1 42P01 unknownRelation
window.sql:55:1 42P01 unknownRelation
window.sql:57:1 42P01 unknownRelation
window.sql:59:1 42P01 unknownRelation
window.sql:61:1 42P01 unknownRelation
window.sql:63:1 42P01 unknownRelation
window.sql:65:1 42P01 unknownRelation
window.sql:66:1 42P01 unknownRelation
window.sql:68:1 42P01 unknownRelation
window.sql:70:1 42P01 unknownRelation
window.sql:72:1 42P01 unknownRelation
window.sql:73:1 42P01 unknownRelation
window.sql:75:1 42P01 unknownRelation
window.sql:78:1 42P01 unknownRelation
window.sql:80:1 42P01 unknownRelation
window.sql:84:1 42P01 unknownRelation
window.sql:87:1 42P01 unknownRelation
window.sql:90:1 42P01 unknownRelation
window.sql:92:1 42P01 unknownRelation
window.sql:97:1 42P01 unknownRelation
window.sql:106:1 42P01 unknownRelation
window.sql:108:1 42P01 unknownRelation
window.sql:122:1 42P01 unknownRelation
window.sql:122:1 42P01 unknownRelation
window.sql:126:1 42P01 unknownRelation
window.sql:141:1 42P01 unknownRelation
window.sql:144:1 42P01 unknownRelation
window.sql:151:1 42P01 unknownRelation
window.sql:161:1 42P01 unknownRelation
window.sql:166:1 42P01 unknownRelation
window.sql:171:1 42P01 unknownRelation
window.sql:176:1 42P01 unknownRelation
window.sql:181:1 42P01 unknownRelation
window.sql:186:1 42P01 unknownRelation
window.sql:190:1 42P01 unknownRelation
window.sql:194:1 42P01 unknownRelation
window.sql:198:1 42P01 unknownRelation
window.sql:202:1 42P01 unknownRelation
window.sql:206:1 42P01 unknownRelation
window.sql:210:1 42P01 unknownRelation
window.sql:214:1 42P01 unknownRelation
window.sql:218:1 42P01 unknownRelation
window.sql:222:1 42P01 unknownRelation
window.sql:226:1 42P01 unknownRelation
window.sql:230:1 42P01 unknownRelation
window.sql:234:1 42P01 unknownRelation
window.sql:238:1 42P01 unknownRelation
window.sql:242:1 42P01 unknownRelation
window.sql:246:1 42P01 unknownRelation
window.sql:250:1 42P01 unknownRelation
window.sql:254:1 42P01 unknownRelation
window.sql:258:1 42P01 unknownRelation
window.sql:262:1 42P01 unknownRelation
window.sql:266:1 42P01 unknownRelation
window.sql:272:1 42P01 unknownRelation
window.sql:334:1 42P01 unknownRelation
window.sql:338:1 42P01 unknownRelation
window.sql:342:1 42P01 unknownRelation
window.sql:351:1 42P01 unknownRelation
window.sql:355:1 42P01 unknownRelation
window.sql:361:1 42P01 unknownRelation
window.sql:365:1 42P01 unknownRelation
window.sql:369:1 42P01 unknownRelation
window.sql:373:1 42P01 unknownRelation
window.sql:377:1 42P01 unknownRelation
window.sql:381:1 42P01 unknownRelation
window.sql:385:1 42P01 unknownRelation
window.sql:389:1 42P01 unknownRelation
window.sql:393:1 42P01 unknownRelation
window.sql:397:1 42P01 unknownRelation
window.sql:556:1 42P01 unknownRelation
window.sql:560:1 42P01 unknownRelation
window.sql:564:1 42P01 unknownRelation
window.sql:790:1 42P01 unknownRelation
window.sql:794:1 42P01 unknownRelation
window.sql:798:1 42P01 unknownRelation
window.sql:802:1 42P01 unknownRelation
window.sql:806:1 42P01 unknownRelation
window.sql:810:1 42P01 unknownRelation
window.sql:814:1 42P01 unknownRelation
window.sql:818:1 42P01 unknownRelation
window.sql:822:1 42P01 unknownRelation
window.sql:826:1 42P01 unknownRelation
window.sql:830:1 42P01 unknownRelation
window.sql:834:1 42P01 unknownRelation
window.sql:838:1 42P01 unknownRelation
window.sql:842:1 42P01 unknownRelation
window.sql:846:1 42P01 unknownRelation
window.sql:850:1 42P01 unknownRelation
window.sql:922:1 42P01 unknownRelation
window.sql:922:1 42P01 unknownRelation
window.sql:971:1 42P01 unknownRelation
window.sql:981:1 42P01 unknownRelation
window.sql:985:1 42P01 unknownRelation
window.sql:989:1 42P01 unknownRelation
window.sql:991:1 42P01 unknownRelation
window.sql:1538:1 42P01 unknownRelation
window.sql:1541:1 42P01 unknownRelation
with.sql:233:1 42P01 unknownRelation
with.sql:381:1 42P01 unknownRelation
with.sql:390:1 42P01 unknownRelation
with.sql:399:1 42P01 unknownRelation
with.sql:409:1 42P01 unknownRelation
with.sql:418:1 42P01 unknownRelation
with.sql:427:1 42P01 unknownRelation
with.sql:437:1 42P01 unknownRelation
with.sql:445:1 42P01 unknownRelation
with.sql:454:1 42P01 unknownRelation
with.sql:462:1 42P01 unknownRelation
with.sql:472:1 42P01 unknownRelation
with.sql:481:1 42P01 unknownRelation
with.sql:490:1 42P01 unknownRelation
with.sql:501:1 42P01 unknownRelation
with.sql:512:1 42P01 unknownRelation
with.sql:522:1 42P01 unknownRelation
with.sql:1309:2 42P01 missingFromClauseEntry
write_parallel.sql:17:1 42P01 unknownRelation
write_parallel.sql:19:1 42P01 unknownRelation
write_parallel.sql:23:1 42P01 unknownRelation
write_parallel.sql:25:1 42P01 unknownRelation
write_parallel.sql:29:1 42P01 unknownRelation
write_parallel.sql:31:1 42P01 unknownRelation
xid.sql:38:1 42883 operatorTypeMismatch
xid.sql:39:1 42883 operatorTypeMismatch
xid.sql:40:1 42883 operatorTypeMismatch
xid.sql:41:1 42883 operatorTypeMismatch
xml.sql:56:1 42P01 unknownRelation
xml.sql:191:1 42P01 unknownRelation
