---
source: crates/pgls_pretty_print/tests/tests.rs
input_file: crates/pgls_pretty_print/tests/data/multi/dbsize.sql
snapshot_kind: text
---
select
  size,
  pg_size_pretty(size),
  pg_size_pretty(-1 * size)
from
  (
    values
      (cast(10 as BIGINT)),
      (cast(1000 as BIGINT)),
      (cast(1000000 as BIGINT)),
      (cast(1000000000 as BIGINT)),
      (cast(1000000000000 as BIGINT)),
      (cast(1000000000000000 as BIGINT))
  )
  as x (size);

select
  size,
  pg_size_pretty(size),
  pg_size_pretty(-1 * size)
from
  (
    values
      (cast(10 as NUMERIC)),
      (cast(1000 as NUMERIC)),
      (cast(1000000 as NUMERIC)),
      (cast(1000000000 as NUMERIC)),
      (cast(1000000000000 as NUMERIC)),
      (cast(1000000000000000 as NUMERIC)),
      (cast(10.5 as NUMERIC)),
      (cast(1000.5 as NUMERIC)),
      (cast(1000000.5 as NUMERIC)),
      (cast(1000000000.5 as NUMERIC)),
      (cast(1000000000000.5 as NUMERIC)),
      (cast(1000000000000000.5 as NUMERIC))
  )
  as x (size);

select
  size,
  pg_size_pretty(size),
  pg_size_pretty(-1 * size)
from
  (
    values
      (cast(10239 as BIGINT)),
      (cast(10240 as BIGINT)),
      (cast(10485247 as BIGINT)),
      (cast(10485248 as BIGINT)),
      (cast(10736893951 as BIGINT)),
      (cast(10736893952 as BIGINT)),
      (cast(10994579406847 as BIGINT)),
      (cast(10994579406848 as BIGINT)),
      (cast(11258449312612351 as BIGINT)),
      (cast(11258449312612352 as BIGINT))
  )
  as x (size);

select
  size,
  pg_size_pretty(size),
  pg_size_pretty(-1 * size)
from
  (
    values
      (cast(10239 as NUMERIC)),
      (cast(10240 as NUMERIC)),
      (cast(10485247 as NUMERIC)),
      (cast(10485248 as NUMERIC)),
      (cast(10736893951 as NUMERIC)),
      (cast(10736893952 as NUMERIC)),
      (cast(10994579406847 as NUMERIC)),
      (cast(10994579406848 as NUMERIC)),
      (cast(11258449312612351 as NUMERIC)),
      (cast(11258449312612352 as NUMERIC)),
      (cast(11528652096115048447 as NUMERIC)),
      (cast(11528652096115048448 as NUMERIC))
  )
  as x (size);

select
  pg_size_pretty(
    cast('-9223372036854775808' as BIGINT)
  ),
  pg_size_pretty(
    cast('9223372036854775807' as BIGINT)
  );

select
  size,
  pg_size_bytes(size)
from
  (
    values
      ('1'),
      ('123bytes'),
      ('256 B'),
      ('1kB'),
      ('1MB'),
      (' 1 GB'),
      ('1.5 GB '),
      ('1TB'),
      ('3000 TB'),
      ('1e6 MB'),
      ('99 PB')
  )
  as x (size);

select
  size,
  pg_size_bytes(size)
from
  (
    values
      ('1'),
      ('123bYteS'),
      ('1kb'),
      ('1mb'),
      (' 1 Gb'),
      ('1.5 gB '),
      ('1tb'),
      ('3000 tb'),
      ('1e6 mb'),
      ('99 pb')
  )
  as x (size);

select
  size,
  pg_size_bytes(size)
from
  (
    values
      ('-1'),
      ('-123bytes'),
      ('-1kb'),
      ('-1mb'),
      (' -1 Gb'),
      ('-1.5 gB '),
      ('-1tb'),
      ('-3000 TB'),
      ('-10e-1 MB'),
      ('-99 PB')
  )
  as x (size);

select
  size,
  pg_size_bytes(size)
from
  (
    values
      ('-1.'),
      ('-1.kb'),
      ('-1. kb'),
      ('-0. gb'),
      ('-.1'),
      ('-.1kb'),
      ('-.1 kb'),
      ('-.0 gb')
  )
  as x (size);

select pg_size_bytes('1 AB');

select pg_size_bytes('1 AB A');

select pg_size_bytes('1 AB A    ');

select pg_size_bytes('9223372036854775807.9');

select pg_size_bytes('1e100');

select pg_size_bytes('1e1000000000000000000');

select pg_size_bytes('1 byte');

select pg_size_bytes('');

select pg_size_bytes('kb');

select pg_size_bytes('..');

select pg_size_bytes('-.');

select pg_size_bytes('-.kb');

select pg_size_bytes('-. kb');

select pg_size_bytes('.+912');

select pg_size_bytes('+912+ kB');

select pg_size_bytes('++123 kB');
